This file contains any messages produced by compilers while
running configure, to aid debugging if configure makes a mistake.

It was created by Verilator configure 5.008 2023-03-04, which was
generated by GNU Autoconf 2.72.  Invocation command line was

  $ ./configure

## --------- ##
## Platform. ##
## --------- ##

hostname = ysyxbby-VMware-Virtual-Platform
uname -m = x86_64
uname -r = 6.11.0-13-generic
uname -s = Linux
uname -v = #14-Ubuntu SMP PREEMPT_DYNAMIC Sat Nov 30 23:51:51 UTC 2024

/usr/bin/uname -p = x86_64
/bin/uname -X     = unknown

/bin/arch              = x86_64
/usr/bin/arch -k       = unknown
/usr/convex/getsysinfo = unknown
/usr/bin/hostinfo      = unknown
/bin/machine           = unknown
/usr/bin/oslevel       = unknown
/bin/universe          = unknown

PATH: /usr/local/sbin/
PATH: /usr/local/bin/
PATH: /usr/sbin/
PATH: /usr/bin/
PATH: /sbin/
PATH: /bin/
PATH: /usr/games/
PATH: /usr/local/games/
PATH: /snap/bin/
PATH: /snap/bin/


## ----------- ##
## Core tests. ##
## ----------- ##

configure:2673: looking for aux files: install-sh
configure:2686:  trying ./
configure:2697:   ./install-sh found
configure:2834: result: configuring for Verilator 5.008 2023-03-04
configure:2865: checking whether to perform partial static linking of Verilator binary
configure:2880: result: yes
configure:2884: checking whether to use tcmalloc
configure:2899: result: check
configure:2903: checking whether to use -m32
configure:2918: result: no
configure:2922: checking whether to build for coverage collection
configure:2937: result: no
configure:2941: checking whether to use hardcoded paths
configure:2957: result: yes
configure:2961: checking whether to show and stop on compilation warnings
configure:2981: result: no
configure:2985: checking whether to run long tests
configure:3005: result: no
configure:3078: checking for gcc
configure:3099: found /usr/bin/gcc
configure:3111: result: gcc
configure:3470: checking for C compiler version
configure:3479: gcc --version >&5
gcc (Ubuntu 14.2.0-4ubuntu2) 14.2.0
Copyright (C) 2024 Free Software Foundation, Inc.
This is free software; see the source for copying conditions.  There is NO
warranty; not even for MERCHANTABILITY or FITNESS FOR A PARTICULAR PURPOSE.

configure:3490: $? = 0
configure:3479: gcc -v >&5
Using built-in specs.
COLLECT_GCC=gcc
COLLECT_LTO_WRAPPER=/usr/libexec/gcc/x86_64-linux-gnu/14/lto-wrapper
OFFLOAD_TARGET_NAMES=nvptx-none:amdgcn-amdhsa
OFFLOAD_TARGET_DEFAULT=1
Target: x86_64-linux-gnu
Configured with: ../src/configure -v --with-pkgversion='Ubuntu 14.2.0-4ubuntu2' --with-bugurl=file:///usr/share/doc/gcc-14/README.Bugs --enable-languages=c,ada,c++,go,d,fortran,objc,obj-c++,m2,rust --prefix=/usr --with-gcc-major-version-only --program-suffix=-14 --program-prefix=x86_64-linux-gnu- --enable-shared --enable-linker-build-id --libexecdir=/usr/libexec --without-included-gettext --enable-threads=posix --libdir=/usr/lib --enable-nls --enable-bootstrap --enable-clocale=gnu --enable-libstdcxx-debug --enable-libstdcxx-time=yes --with-default-libstdcxx-abi=new --enable-libstdcxx-backtrace --enable-gnu-unique-object --disable-vtable-verify --enable-plugin --enable-default-pie --with-system-zlib --enable-libphobos-checking=release --with-target-system-zlib=auto --enable-objc-gc=auto --enable-multiarch --disable-werror --enable-cet --with-arch-32=i686 --with-abi=m64 --with-multilib-list=m32,m64,mx32 --enable-multilib --with-tune=generic --enable-offload-targets=nvptx-none=/build/gcc-14-zdkDXv/gcc-14-14.2.0/debian/tmp-nvptx/usr,amdgcn-amdhsa=/build/gcc-14-zdkDXv/gcc-14-14.2.0/debian/tmp-gcn/usr --enable-offload-defaulted --without-cuda-driver --enable-checking=release --build=x86_64-linux-gnu --host=x86_64-linux-gnu --target=x86_64-linux-gnu --with-build-config=bootstrap-lto-lean --enable-link-serialization=2
Thread model: posix
Supported LTO compression algorithms: zlib zstd
gcc version 14.2.0 (Ubuntu 14.2.0-4ubuntu2) 
... rest of stderr output deleted ...
configure:3490: $? = 0
configure:3479: gcc -V >&5
gcc: error: unrecognized command-line option '-V'
gcc: fatal error: no input files
compilation terminated.
configure:3490: $? = 1
configure:3479: gcc -qversion >&5
gcc: error: unrecognized command-line option '-qversion'; did you mean '--version'?
gcc: fatal error: no input files
compilation terminated.
configure:3490: $? = 1
configure:3479: gcc -version >&5
gcc: error: unrecognized command-line option '-version'
gcc: fatal error: no input files
compilation terminated.
configure:3490: $? = 1
configure:3510: checking whether the C compiler works
configure:3532: gcc       conftest.c  >&5
configure:3536: $? = 0
configure:3587: result: yes
configure:3591: checking for C compiler default output file name
configure:3593: result: a.out
configure:3599: checking for suffix of executables
configure:3606: gcc -o conftest       conftest.c  >&5
configure:3610: $? = 0
configure:3634: result: 
configure:3658: checking whether we are cross compiling
configure:3666: gcc -o conftest       conftest.c  >&5
configure:3670: $? = 0
configure:3677: ./conftest
configure:3681: $? = 0
configure:3696: result: no
configure:3702: checking for suffix of object files
configure:3725: gcc -c     conftest.c >&5
configure:3729: $? = 0
configure:3753: result: o
configure:3757: checking whether the compiler supports GNU C
configure:3777: gcc -c     conftest.c >&5
configure:3777: $? = 0
configure:3789: result: yes
configure:3800: checking whether gcc accepts -g
configure:3821: gcc -c -g   conftest.c >&5
configure:3821: $? = 0
configure:3868: result: yes
configure:3888: checking for gcc option to enable C11 features
configure:3903: gcc  -c     conftest.c >&5
configure:3903: $? = 0
configure:3922: result: none needed
configure:4110: checking for g++
configure:4131: found /usr/bin/g++
configure:4143: result: g++
configure:4170: checking for C++ compiler version
configure:4179: g++ --version >&5
g++ (Ubuntu 14.2.0-4ubuntu2) 14.2.0
Copyright (C) 2024 Free Software Foundation, Inc.
This is free software; see the source for copying conditions.  There is NO
warranty; not even for MERCHANTABILITY or FITNESS FOR A PARTICULAR PURPOSE.

configure:4190: $? = 0
configure:4179: g++ -v >&5
Using built-in specs.
COLLECT_GCC=g++
COLLECT_LTO_WRAPPER=/usr/libexec/gcc/x86_64-linux-gnu/14/lto-wrapper
OFFLOAD_TARGET_NAMES=nvptx-none:amdgcn-amdhsa
OFFLOAD_TARGET_DEFAULT=1
Target: x86_64-linux-gnu
Configured with: ../src/configure -v --with-pkgversion='Ubuntu 14.2.0-4ubuntu2' --with-bugurl=file:///usr/share/doc/gcc-14/README.Bugs --enable-languages=c,ada,c++,go,d,fortran,objc,obj-c++,m2,rust --prefix=/usr --with-gcc-major-version-only --program-suffix=-14 --program-prefix=x86_64-linux-gnu- --enable-shared --enable-linker-build-id --libexecdir=/usr/libexec --without-included-gettext --enable-threads=posix --libdir=/usr/lib --enable-nls --enable-bootstrap --enable-clocale=gnu --enable-libstdcxx-debug --enable-libstdcxx-time=yes --with-default-libstdcxx-abi=new --enable-libstdcxx-backtrace --enable-gnu-unique-object --disable-vtable-verify --enable-plugin --enable-default-pie --with-system-zlib --enable-libphobos-checking=release --with-target-system-zlib=auto --enable-objc-gc=auto --enable-multiarch --disable-werror --enable-cet --with-arch-32=i686 --with-abi=m64 --with-multilib-list=m32,m64,mx32 --enable-multilib --with-tune=generic --enable-offload-targets=nvptx-none=/build/gcc-14-zdkDXv/gcc-14-14.2.0/debian/tmp-nvptx/usr,amdgcn-amdhsa=/build/gcc-14-zdkDXv/gcc-14-14.2.0/debian/tmp-gcn/usr --enable-offload-defaulted --without-cuda-driver --enable-checking=release --build=x86_64-linux-gnu --host=x86_64-linux-gnu --target=x86_64-linux-gnu --with-build-config=bootstrap-lto-lean --enable-link-serialization=2
Thread model: posix
Supported LTO compression algorithms: zlib zstd
gcc version 14.2.0 (Ubuntu 14.2.0-4ubuntu2) 
... rest of stderr output deleted ...
configure:4190: $? = 0
configure:4179: g++ -V >&5
g++: error: unrecognized command-line option '-V'
g++: fatal error: no input files
compilation terminated.
configure:4190: $? = 1
configure:4179: g++ -qversion >&5
g++: error: unrecognized command-line option '-qversion'; did you mean '--version'?
g++: fatal error: no input files
compilation terminated.
configure:4190: $? = 1
configure:4194: checking whether the compiler supports GNU C++
configure:4214: g++ -c     conftest.cpp >&5
configure:4214: $? = 0
configure:4226: result: yes
configure:4237: checking whether g++ accepts -g
configure:4258: g++ -c -g   conftest.cpp >&5
configure:4258: $? = 0
configure:4305: result: yes
configure:4325: checking for g++ option to enable C++11 features
configure:4340: g++  -c     conftest.cpp >&5
conftest.cpp: In function 'int main(int, char**)':
conftest.cpp:176:25: warning: empty parentheses were disambiguated as a function declaration [-Wvexing-parse]
  176 |   cxx11test::delegate d2();
      |                         ^~
conftest.cpp:176:25: note: remove parentheses to default-initialize a variable
  176 |   cxx11test::delegate d2();
      |                         ^~
      |                         --
conftest.cpp:176:25: note: or replace parentheses with braces to value-initialize a variable
configure:4340: $? = 0
configure:4359: result: none needed
configure:4444: checking for a BSD-compatible install
configure:4518: result: /usr/bin/install -c
configure:4537: result: compiler is g++ --version = g++ (Ubuntu 14.2.0-4ubuntu2) 14.2.0
configure:4539: checking that C++ compiler can compile simple program
configure:4551: g++ -o conftest       conftest.cpp  >&5
configure:4551: $? = 0
configure:4551: ./conftest
configure:4551: $? = 0
configure:4553: result: yes
configure:4568: checking for ar
configure:4589: found /usr/bin/ar
configure:4601: result: ar
configure:4615: checking for perl
configure:4638: found /usr/bin/perl
configure:4651: result: /usr/bin/perl
configure:4665: checking for python3
configure:4688: found /usr/bin/python3
configure:4701: result: /usr/bin/python3
configure:4715: checking for flex
configure:4738: found /usr/bin/flex
configure:4751: result: /usr/bin/flex
configure:4763: result: /usr/bin/flex --version = flex 2.6.4
configure:4768: checking for bison
configure:4791: found /usr/bin/bison
configure:4804: result: /usr/bin/bison
configure:4816: result: /usr/bin/bison --version = bison (GNU Bison) 3.8.2
configure:4821: checking for ccache
configure:4842: found /usr/bin/ccache
configure:4854: result: ccache
configure:4864: result: objcache is ccache --version = ccache version 4.10.2
configure:4875: checking for stdio.h
configure:4875: g++ -c     conftest.cpp >&5
configure:4875: $? = 0
configure:4875: result: yes
configure:4875: checking for stdlib.h
configure:4875: g++ -c     conftest.cpp >&5
configure:4875: $? = 0
configure:4875: result: yes
configure:4875: checking for string.h
configure:4875: g++ -c     conftest.cpp >&5
configure:4875: $? = 0
configure:4875: result: yes
configure:4875: checking for inttypes.h
configure:4875: g++ -c     conftest.cpp >&5
configure:4875: $? = 0
configure:4875: result: yes
configure:4875: checking for stdint.h
configure:4875: g++ -c     conftest.cpp >&5
configure:4875: $? = 0
configure:4875: result: yes
configure:4875: checking for strings.h
configure:4875: g++ -c     conftest.cpp >&5
configure:4875: $? = 0
configure:4875: result: yes
configure:4875: checking for sys/stat.h
configure:4875: g++ -c     conftest.cpp >&5
configure:4875: $? = 0
configure:4875: result: yes
configure:4875: checking for sys/types.h
configure:4875: g++ -c     conftest.cpp >&5
configure:4875: $? = 0
configure:4875: result: yes
configure:4875: checking for unistd.h
configure:4875: g++ -c     conftest.cpp >&5
configure:4875: $? = 0
configure:4875: result: yes
configure:4900: checking for size_t
configure:4900: g++ -c     conftest.cpp >&5
configure:4900: $? = 0
configure:4900: g++ -c     conftest.cpp >&5
conftest.cpp: In function 'int main()':
conftest.cpp:51:20: error: expected primary-expression before ')' token
   51 | if (sizeof ((size_t)))
      |                    ^
configure:4900: $? = 1
configure: failed program was:
| /* confdefs.h */
| #define PACKAGE_NAME "Verilator"
| #define PACKAGE_TARNAME "verilator"
| #define PACKAGE_VERSION "5.008 2023-03-04"
| #define PACKAGE_STRING "Verilator 5.008 2023-03-04"
| #define PACKAGE_BUGREPORT "https://verilator.org"
| #define PACKAGE_URL "https://verilator.org"
| #define PACKAGE_VERSION_NUMBER_STRING "5.008"
| #define HAVE_STDIO_H 1
| #define HAVE_STDLIB_H 1
| #define HAVE_STRING_H 1
| #define HAVE_INTTYPES_H 1
| #define HAVE_STDINT_H 1
| #define HAVE_STRINGS_H 1
| #define HAVE_SYS_STAT_H 1
| #define HAVE_SYS_TYPES_H 1
| #define HAVE_UNISTD_H 1
| #define STDC_HEADERS 1
| /* end confdefs.h.  */
| #include <stddef.h>
| #ifdef HAVE_STDIO_H
| # include <stdio.h>
| #endif
| #ifdef HAVE_STDLIB_H
| # include <stdlib.h>
| #endif
| #ifdef HAVE_STRING_H
| # include <string.h>
| #endif
| #ifdef HAVE_INTTYPES_H
| # include <inttypes.h>
| #endif
| #ifdef HAVE_STDINT_H
| # include <stdint.h>
| #endif
| #ifdef HAVE_STRINGS_H
| # include <strings.h>
| #endif
| #ifdef HAVE_SYS_TYPES_H
| # include <sys/types.h>
| #endif
| #ifdef HAVE_SYS_STAT_H
| # include <sys/stat.h>
| #endif
| #ifdef HAVE_UNISTD_H
| # include <unistd.h>
| #endif
| int
| main (void)
| {
| if (sizeof ((size_t)))
| 	    return 0;
|   ;
|   return 0;
| }
configure:4900: result: yes
configure:4911: checking for size_t
configure:4911: result: yes
configure:4924: checking for inline
configure:4941: g++ -c     conftest.cpp >&5
configure:4941: $? = 0
configure:4951: result: inline
configure:4981: g++ -o conftest       conftest.cpp  >&5
configure:4981: $? = 0
configure:5433: checking whether g++ accepts -pg
configure:5446: g++ -o conftest   -pg -Werror     conftest.cpp  >&5
configure:5446: $? = 0
configure:5475: g++ -c   -pg -Werror   conftest.cpp >&5
conftest.cpp:20:1: error: 'an_error' does not name a type
   20 | an_error "intentional-error-for-test.h"
      | ^~~~~~~~
configure:5475: $? = 1
configure: failed program was:
| /* confdefs.h */
| #define PACKAGE_NAME "Verilator"
| #define PACKAGE_TARNAME "verilator"
| #define PACKAGE_VERSION "5.008 2023-03-04"
| #define PACKAGE_STRING "Verilator 5.008 2023-03-04"
| #define PACKAGE_BUGREPORT "https://verilator.org"
| #define PACKAGE_URL "https://verilator.org"
| #define PACKAGE_VERSION_NUMBER_STRING "5.008"
| #define HAVE_STDIO_H 1
| #define HAVE_STDLIB_H 1
| #define HAVE_STRING_H 1
| #define HAVE_INTTYPES_H 1
| #define HAVE_STDINT_H 1
| #define HAVE_STRINGS_H 1
| #define HAVE_SYS_STAT_H 1
| #define HAVE_SYS_TYPES_H 1
| #define HAVE_UNISTD_H 1
| #define STDC_HEADERS 1
| /* end confdefs.h.  */
| an_error "intentional-error-for-test.h"
| 
| int
| main (void)
| {
| 
|   ;
|   return 0;
| }
configure:5488: result: yes
configure:5524: checking whether g++ accepts -std=gnu++17
configure:5537: g++ -o conftest   -std=gnu++17 -Werror     conftest.cpp  >&5
configure:5537: $? = 0
configure:5566: g++ -c   -std=gnu++17 -Werror   conftest.cpp >&5
conftest.cpp:20:1: error: 'an_error' does not name a type
   20 | an_error "intentional-error-for-test.h"
      | ^~~~~~~~
configure:5566: $? = 1
configure: failed program was:
| /* confdefs.h */
| #define PACKAGE_NAME "Verilator"
| #define PACKAGE_TARNAME "verilator"
| #define PACKAGE_VERSION "5.008 2023-03-04"
| #define PACKAGE_STRING "Verilator 5.008 2023-03-04"
| #define PACKAGE_BUGREPORT "https://verilator.org"
| #define PACKAGE_URL "https://verilator.org"
| #define PACKAGE_VERSION_NUMBER_STRING "5.008"
| #define HAVE_STDIO_H 1
| #define HAVE_STDLIB_H 1
| #define HAVE_STRING_H 1
| #define HAVE_INTTYPES_H 1
| #define HAVE_STDINT_H 1
| #define HAVE_STRINGS_H 1
| #define HAVE_SYS_STAT_H 1
| #define HAVE_SYS_TYPES_H 1
| #define HAVE_UNISTD_H 1
| #define STDC_HEADERS 1
| /* end confdefs.h.  */
| an_error "intentional-error-for-test.h"
| 
| int
| main (void)
| {
| 
|   ;
|   return 0;
| }
configure:5579: result: yes
configure:6019: checking whether g++ accepts -Wextra
configure:6032: g++ -o conftest   -Wextra -Werror     conftest.cpp  >&5
configure:6032: $? = 0
configure:6061: g++ -c   -Wextra -Werror   conftest.cpp >&5
conftest.cpp:20:1: error: 'an_error' does not name a type
   20 | an_error "intentional-error-for-test.h"
      | ^~~~~~~~
configure:6061: $? = 1
configure: failed program was:
| /* confdefs.h */
| #define PACKAGE_NAME "Verilator"
| #define PACKAGE_TARNAME "verilator"
| #define PACKAGE_VERSION "5.008 2023-03-04"
| #define PACKAGE_STRING "Verilator 5.008 2023-03-04"
| #define PACKAGE_BUGREPORT "https://verilator.org"
| #define PACKAGE_URL "https://verilator.org"
| #define PACKAGE_VERSION_NUMBER_STRING "5.008"
| #define HAVE_STDIO_H 1
| #define HAVE_STDLIB_H 1
| #define HAVE_STRING_H 1
| #define HAVE_INTTYPES_H 1
| #define HAVE_STDINT_H 1
| #define HAVE_STRINGS_H 1
| #define HAVE_SYS_STAT_H 1
| #define HAVE_SYS_TYPES_H 1
| #define HAVE_UNISTD_H 1
| #define STDC_HEADERS 1
| /* end confdefs.h.  */
| an_error "intentional-error-for-test.h"
| 
| int
| main (void)
| {
| 
|   ;
|   return 0;
| }
configure:6074: result: yes
configure:6099: checking whether g++ accepts -Wfloat-conversion
configure:6112: g++ -o conftest   -Wfloat-conversion -Werror     conftest.cpp  >&5
configure:6112: $? = 0
configure:6141: g++ -c   -Wfloat-conversion -Werror   conftest.cpp >&5
conftest.cpp:20:1: error: 'an_error' does not name a type
   20 | an_error "intentional-error-for-test.h"
      | ^~~~~~~~
configure:6141: $? = 1
configure: failed program was:
| /* confdefs.h */
| #define PACKAGE_NAME "Verilator"
| #define PACKAGE_TARNAME "verilator"
| #define PACKAGE_VERSION "5.008 2023-03-04"
| #define PACKAGE_STRING "Verilator 5.008 2023-03-04"
| #define PACKAGE_BUGREPORT "https://verilator.org"
| #define PACKAGE_URL "https://verilator.org"
| #define PACKAGE_VERSION_NUMBER_STRING "5.008"
| #define HAVE_STDIO_H 1
| #define HAVE_STDLIB_H 1
| #define HAVE_STRING_H 1
| #define HAVE_INTTYPES_H 1
| #define HAVE_STDINT_H 1
| #define HAVE_STRINGS_H 1
| #define HAVE_SYS_STAT_H 1
| #define HAVE_SYS_TYPES_H 1
| #define HAVE_UNISTD_H 1
| #define STDC_HEADERS 1
| /* end confdefs.h.  */
| an_error "intentional-error-for-test.h"
| 
| int
| main (void)
| {
| 
|   ;
|   return 0;
| }
configure:6154: result: yes
configure:6179: checking whether g++ accepts -Wlogical-op
configure:6192: g++ -o conftest   -Wlogical-op -Werror     conftest.cpp  >&5
configure:6192: $? = 0
configure:6221: g++ -c   -Wlogical-op -Werror   conftest.cpp >&5
conftest.cpp:20:1: error: 'an_error' does not name a type
   20 | an_error "intentional-error-for-test.h"
      | ^~~~~~~~
configure:6221: $? = 1
configure: failed program was:
| /* confdefs.h */
| #define PACKAGE_NAME "Verilator"
| #define PACKAGE_TARNAME "verilator"
| #define PACKAGE_VERSION "5.008 2023-03-04"
| #define PACKAGE_STRING "Verilator 5.008 2023-03-04"
| #define PACKAGE_BUGREPORT "https://verilator.org"
| #define PACKAGE_URL "https://verilator.org"
| #define PACKAGE_VERSION_NUMBER_STRING "5.008"
| #define HAVE_STDIO_H 1
| #define HAVE_STDLIB_H 1
| #define HAVE_STRING_H 1
| #define HAVE_INTTYPES_H 1
| #define HAVE_STDINT_H 1
| #define HAVE_STRINGS_H 1
| #define HAVE_SYS_STAT_H 1
| #define HAVE_SYS_TYPES_H 1
| #define HAVE_UNISTD_H 1
| #define STDC_HEADERS 1
| /* end confdefs.h.  */
| an_error "intentional-error-for-test.h"
| 
| int
| main (void)
| {
| 
|   ;
|   return 0;
| }
configure:6234: result: yes
configure:6259: checking whether g++ accepts -Wthread-safety
configure:6272: g++ -o conftest   -Wthread-safety -Werror     conftest.cpp  >&5
g++: error: unrecognized command-line option '-Wthread-safety'
configure:6272: $? = 1
configure: failed program was:
| /* confdefs.h */
| #define PACKAGE_NAME "Verilator"
| #define PACKAGE_TARNAME "verilator"
| #define PACKAGE_VERSION "5.008 2023-03-04"
| #define PACKAGE_STRING "Verilator 5.008 2023-03-04"
| #define PACKAGE_BUGREPORT "https://verilator.org"
| #define PACKAGE_URL "https://verilator.org"
| #define PACKAGE_VERSION_NUMBER_STRING "5.008"
| #define HAVE_STDIO_H 1
| #define HAVE_STDLIB_H 1
| #define HAVE_STRING_H 1
| #define HAVE_INTTYPES_H 1
| #define HAVE_STDINT_H 1
| #define HAVE_STRINGS_H 1
| #define HAVE_SYS_STAT_H 1
| #define HAVE_SYS_TYPES_H 1
| #define HAVE_UNISTD_H 1
| #define STDC_HEADERS 1
| /* end confdefs.h.  */
| #include <new>
| int
| main (void)
| {
| int* a=new int; delete a;
|   ;
|   return 0;
| }
configure:6301: g++ -c   -Wthread-safety -Werror   conftest.cpp >&5
g++: error: unrecognized command-line option '-Wthread-safety'
configure:6301: $? = 1
configure: failed program was:
| /* confdefs.h */
| #define PACKAGE_NAME "Verilator"
| #define PACKAGE_TARNAME "verilator"
| #define PACKAGE_VERSION "5.008 2023-03-04"
| #define PACKAGE_STRING "Verilator 5.008 2023-03-04"
| #define PACKAGE_BUGREPORT "https://verilator.org"
| #define PACKAGE_URL "https://verilator.org"
| #define PACKAGE_VERSION_NUMBER_STRING "5.008"
| #define HAVE_STDIO_H 1
| #define HAVE_STDLIB_H 1
| #define HAVE_STRING_H 1
| #define HAVE_INTTYPES_H 1
| #define HAVE_STDINT_H 1
| #define HAVE_STRINGS_H 1
| #define HAVE_SYS_STAT_H 1
| #define HAVE_SYS_TYPES_H 1
| #define HAVE_UNISTD_H 1
| #define STDC_HEADERS 1
| /* end confdefs.h.  */
| an_error "intentional-error-for-test.h"
| 
| int
| main (void)
| {
| 
|   ;
|   return 0;
| }
configure:6314: result: no
configure:6339: checking whether g++ accepts -fcoroutines-ts
configure:6352: g++ -o conftest   -fcoroutines-ts -Werror     conftest.cpp  >&5
g++: error: unrecognized command-line option '-fcoroutines-ts'; did you mean '-fcoroutines'?
configure:6352: $? = 1
configure: failed program was:
| /* confdefs.h */
| #define PACKAGE_NAME "Verilator"
| #define PACKAGE_TARNAME "verilator"
| #define PACKAGE_VERSION "5.008 2023-03-04"
| #define PACKAGE_STRING "Verilator 5.008 2023-03-04"
| #define PACKAGE_BUGREPORT "https://verilator.org"
| #define PACKAGE_URL "https://verilator.org"
| #define PACKAGE_VERSION_NUMBER_STRING "5.008"
| #define HAVE_STDIO_H 1
| #define HAVE_STDLIB_H 1
| #define HAVE_STRING_H 1
| #define HAVE_INTTYPES_H 1
| #define HAVE_STDINT_H 1
| #define HAVE_STRINGS_H 1
| #define HAVE_SYS_STAT_H 1
| #define HAVE_SYS_TYPES_H 1
| #define HAVE_UNISTD_H 1
| #define STDC_HEADERS 1
| /* end confdefs.h.  */
| #include <new>
| int
| main (void)
| {
| int* a=new int; delete a;
|   ;
|   return 0;
| }
configure:6381: g++ -c   -fcoroutines-ts -Werror   conftest.cpp >&5
g++: error: unrecognized command-line option '-fcoroutines-ts'; did you mean '-fcoroutines'?
configure:6381: $? = 1
configure: failed program was:
| /* confdefs.h */
| #define PACKAGE_NAME "Verilator"
| #define PACKAGE_TARNAME "verilator"
| #define PACKAGE_VERSION "5.008 2023-03-04"
| #define PACKAGE_STRING "Verilator 5.008 2023-03-04"
| #define PACKAGE_BUGREPORT "https://verilator.org"
| #define PACKAGE_URL "https://verilator.org"
| #define PACKAGE_VERSION_NUMBER_STRING "5.008"
| #define HAVE_STDIO_H 1
| #define HAVE_STDLIB_H 1
| #define HAVE_STRING_H 1
| #define HAVE_INTTYPES_H 1
| #define HAVE_STDINT_H 1
| #define HAVE_STRINGS_H 1
| #define HAVE_SYS_STAT_H 1
| #define HAVE_SYS_TYPES_H 1
| #define HAVE_UNISTD_H 1
| #define STDC_HEADERS 1
| /* end confdefs.h.  */
| an_error "intentional-error-for-test.h"
| 
| int
| main (void)
| {
| 
|   ;
|   return 0;
| }
configure:6394: result: no
configure:6410: checking whether coroutines are supported by g++
configure:6430: g++ -o conftest   -fcoroutines     conftest.cpp  >&5
configure:6430: $? = 0
configure:6464: result: yes
configure:6482: checking whether g++ accepts -Qunused-arguments
configure:6495: g++ -o conftest   -Qunused-arguments -Werror     conftest.cpp  >&5
g++: error: unrecognized command-line option '-Qunused-arguments'
configure:6495: $? = 1
configure: failed program was:
| /* confdefs.h */
| #define PACKAGE_NAME "Verilator"
| #define PACKAGE_TARNAME "verilator"
| #define PACKAGE_VERSION "5.008 2023-03-04"
| #define PACKAGE_STRING "Verilator 5.008 2023-03-04"
| #define PACKAGE_BUGREPORT "https://verilator.org"
| #define PACKAGE_URL "https://verilator.org"
| #define PACKAGE_VERSION_NUMBER_STRING "5.008"
| #define HAVE_STDIO_H 1
| #define HAVE_STDLIB_H 1
| #define HAVE_STRING_H 1
| #define HAVE_INTTYPES_H 1
| #define HAVE_STDINT_H 1
| #define HAVE_STRINGS_H 1
| #define HAVE_SYS_STAT_H 1
| #define HAVE_SYS_TYPES_H 1
| #define HAVE_UNISTD_H 1
| #define STDC_HEADERS 1
| #define HAVE_COROUTINES 1
| /* end confdefs.h.  */
| #include <new>
| int
| main (void)
| {
| int* a=new int; delete a;
|   ;
|   return 0;
| }
configure:6524: g++ -c   -Qunused-arguments -Werror   conftest.cpp >&5
g++: error: unrecognized command-line option '-Qunused-arguments'
configure:6524: $? = 1
configure: failed program was:
| /* confdefs.h */
| #define PACKAGE_NAME "Verilator"
| #define PACKAGE_TARNAME "verilator"
| #define PACKAGE_VERSION "5.008 2023-03-04"
| #define PACKAGE_STRING "Verilator 5.008 2023-03-04"
| #define PACKAGE_BUGREPORT "https://verilator.org"
| #define PACKAGE_URL "https://verilator.org"
| #define PACKAGE_VERSION_NUMBER_STRING "5.008"
| #define HAVE_STDIO_H 1
| #define HAVE_STDLIB_H 1
| #define HAVE_STRING_H 1
| #define HAVE_INTTYPES_H 1
| #define HAVE_STDINT_H 1
| #define HAVE_STRINGS_H 1
| #define HAVE_SYS_STAT_H 1
| #define HAVE_SYS_TYPES_H 1
| #define HAVE_UNISTD_H 1
| #define STDC_HEADERS 1
| #define HAVE_COROUTINES 1
| /* end confdefs.h.  */
| an_error "intentional-error-for-test.h"
| 
| int
| main (void)
| {
| 
|   ;
|   return 0;
| }
configure:6537: result: no
configure:6562: checking whether g++ accepts -faligned-new
configure:6575: g++ -o conftest   -faligned-new -Werror     conftest.cpp  >&5
configure:6575: $? = 0
configure:6604: g++ -c   -faligned-new -Werror   conftest.cpp >&5
conftest.cpp:21:1: error: 'an_error' does not name a type
   21 | an_error "intentional-error-for-test.h"
      | ^~~~~~~~
configure:6604: $? = 1
configure: failed program was:
| /* confdefs.h */
| #define PACKAGE_NAME "Verilator"
| #define PACKAGE_TARNAME "verilator"
| #define PACKAGE_VERSION "5.008 2023-03-04"
| #define PACKAGE_STRING "Verilator 5.008 2023-03-04"
| #define PACKAGE_BUGREPORT "https://verilator.org"
| #define PACKAGE_URL "https://verilator.org"
| #define PACKAGE_VERSION_NUMBER_STRING "5.008"
| #define HAVE_STDIO_H 1
| #define HAVE_STDLIB_H 1
| #define HAVE_STRING_H 1
| #define HAVE_INTTYPES_H 1
| #define HAVE_STDINT_H 1
| #define HAVE_STRINGS_H 1
| #define HAVE_SYS_STAT_H 1
| #define HAVE_SYS_TYPES_H 1
| #define HAVE_UNISTD_H 1
| #define STDC_HEADERS 1
| #define HAVE_COROUTINES 1
| /* end confdefs.h.  */
| an_error "intentional-error-for-test.h"
| 
| int
| main (void)
| {
| 
|   ;
|   return 0;
| }
configure:6617: result: yes
configure:6642: checking whether g++ accepts -Wno-unused-parameter
configure:6655: g++ -o conftest   -Wno-unused-parameter -Werror     conftest.cpp  >&5
configure:6655: $? = 0
configure:6684: g++ -c   -Wno-unused-parameter -Werror   conftest.cpp >&5
conftest.cpp:21:1: error: 'an_error' does not name a type
   21 | an_error "intentional-error-for-test.h"
      | ^~~~~~~~
configure:6684: $? = 1
configure: failed program was:
| /* confdefs.h */
| #define PACKAGE_NAME "Verilator"
| #define PACKAGE_TARNAME "verilator"
| #define PACKAGE_VERSION "5.008 2023-03-04"
| #define PACKAGE_STRING "Verilator 5.008 2023-03-04"
| #define PACKAGE_BUGREPORT "https://verilator.org"
| #define PACKAGE_URL "https://verilator.org"
| #define PACKAGE_VERSION_NUMBER_STRING "5.008"
| #define HAVE_STDIO_H 1
| #define HAVE_STDLIB_H 1
| #define HAVE_STRING_H 1
| #define HAVE_INTTYPES_H 1
| #define HAVE_STDINT_H 1
| #define HAVE_STRINGS_H 1
| #define HAVE_SYS_STAT_H 1
| #define HAVE_SYS_TYPES_H 1
| #define HAVE_UNISTD_H 1
| #define STDC_HEADERS 1
| #define HAVE_COROUTINES 1
| /* end confdefs.h.  */
| an_error "intentional-error-for-test.h"
| 
| int
| main (void)
| {
| 
|   ;
|   return 0;
| }
configure:6697: result: yes
configure:6722: checking whether g++ accepts -Wno-shadow
configure:6735: g++ -o conftest   -Wno-shadow -Werror     conftest.cpp  >&5
configure:6735: $? = 0
configure:6764: g++ -c   -Wno-shadow -Werror   conftest.cpp >&5
conftest.cpp:21:1: error: 'an_error' does not name a type
   21 | an_error "intentional-error-for-test.h"
      | ^~~~~~~~
configure:6764: $? = 1
configure: failed program was:
| /* confdefs.h */
| #define PACKAGE_NAME "Verilator"
| #define PACKAGE_TARNAME "verilator"
| #define PACKAGE_VERSION "5.008 2023-03-04"
| #define PACKAGE_STRING "Verilator 5.008 2023-03-04"
| #define PACKAGE_BUGREPORT "https://verilator.org"
| #define PACKAGE_URL "https://verilator.org"
| #define PACKAGE_VERSION_NUMBER_STRING "5.008"
| #define HAVE_STDIO_H 1
| #define HAVE_STDLIB_H 1
| #define HAVE_STRING_H 1
| #define HAVE_INTTYPES_H 1
| #define HAVE_STDINT_H 1
| #define HAVE_STRINGS_H 1
| #define HAVE_SYS_STAT_H 1
| #define HAVE_SYS_TYPES_H 1
| #define HAVE_UNISTD_H 1
| #define STDC_HEADERS 1
| #define HAVE_COROUTINES 1
| /* end confdefs.h.  */
| an_error "intentional-error-for-test.h"
| 
| int
| main (void)
| {
| 
|   ;
|   return 0;
| }
configure:6777: result: yes
configure:6805: checking whether g++ accepts -Wno-char-subscripts
configure:6818: g++ -o conftest   -Wno-char-subscripts -Werror     conftest.cpp  >&5
configure:6818: $? = 0
configure:6847: g++ -c   -Wno-char-subscripts -Werror   conftest.cpp >&5
conftest.cpp:21:1: error: 'an_error' does not name a type
   21 | an_error "intentional-error-for-test.h"
      | ^~~~~~~~
configure:6847: $? = 1
configure: failed program was:
| /* confdefs.h */
| #define PACKAGE_NAME "Verilator"
| #define PACKAGE_TARNAME "verilator"
| #define PACKAGE_VERSION "5.008 2023-03-04"
| #define PACKAGE_STRING "Verilator 5.008 2023-03-04"
| #define PACKAGE_BUGREPORT "https://verilator.org"
| #define PACKAGE_URL "https://verilator.org"
| #define PACKAGE_VERSION_NUMBER_STRING "5.008"
| #define HAVE_STDIO_H 1
| #define HAVE_STDLIB_H 1
| #define HAVE_STRING_H 1
| #define HAVE_INTTYPES_H 1
| #define HAVE_STDINT_H 1
| #define HAVE_STRINGS_H 1
| #define HAVE_SYS_STAT_H 1
| #define HAVE_SYS_TYPES_H 1
| #define HAVE_UNISTD_H 1
| #define STDC_HEADERS 1
| #define HAVE_COROUTINES 1
| /* end confdefs.h.  */
| an_error "intentional-error-for-test.h"
| 
| int
| main (void)
| {
| 
|   ;
|   return 0;
| }
configure:6860: result: yes
configure:6885: checking whether g++ accepts -Wno-null-conversion
configure:6898: g++ -o conftest   -Wno-null-conversion -Werror     conftest.cpp  >&5
configure:6898: $? = 0
configure:6927: g++ -c   -Wno-null-conversion -Werror   conftest.cpp >&5
conftest.cpp:21:1: error: 'an_error' does not name a type
   21 | an_error "intentional-error-for-test.h"
      | ^~~~~~~~
cc1plus: note: unrecognized command-line option '-Wno-null-conversion' may have been intended to silence earlier diagnostics
configure:6927: $? = 1
configure: failed program was:
| /* confdefs.h */
| #define PACKAGE_NAME "Verilator"
| #define PACKAGE_TARNAME "verilator"
| #define PACKAGE_VERSION "5.008 2023-03-04"
| #define PACKAGE_STRING "Verilator 5.008 2023-03-04"
| #define PACKAGE_BUGREPORT "https://verilator.org"
| #define PACKAGE_URL "https://verilator.org"
| #define PACKAGE_VERSION_NUMBER_STRING "5.008"
| #define HAVE_STDIO_H 1
| #define HAVE_STDLIB_H 1
| #define HAVE_STRING_H 1
| #define HAVE_INTTYPES_H 1
| #define HAVE_STDINT_H 1
| #define HAVE_STRINGS_H 1
| #define HAVE_SYS_STAT_H 1
| #define HAVE_SYS_TYPES_H 1
| #define HAVE_UNISTD_H 1
| #define STDC_HEADERS 1
| #define HAVE_COROUTINES 1
| /* end confdefs.h.  */
| an_error "intentional-error-for-test.h"
| 
| int
| main (void)
| {
| 
|   ;
|   return 0;
| }
configure:6940: result: no
configure:6965: checking whether g++ accepts -Wno-parentheses-equality
configure:6978: g++ -o conftest   -Wno-parentheses-equality -Werror     conftest.cpp  >&5
configure:6978: $? = 0
configure:7007: g++ -c   -Wno-parentheses-equality -Werror   conftest.cpp >&5
conftest.cpp:21:1: error: 'an_error' does not name a type
   21 | an_error "intentional-error-for-test.h"
      | ^~~~~~~~
cc1plus: note: unrecognized command-line option '-Wno-parentheses-equality' may have been intended to silence earlier diagnostics
configure:7007: $? = 1
configure: failed program was:
| /* confdefs.h */
| #define PACKAGE_NAME "Verilator"
| #define PACKAGE_TARNAME "verilator"
| #define PACKAGE_VERSION "5.008 2023-03-04"
| #define PACKAGE_STRING "Verilator 5.008 2023-03-04"
| #define PACKAGE_BUGREPORT "https://verilator.org"
| #define PACKAGE_URL "https://verilator.org"
| #define PACKAGE_VERSION_NUMBER_STRING "5.008"
| #define HAVE_STDIO_H 1
| #define HAVE_STDLIB_H 1
| #define HAVE_STRING_H 1
| #define HAVE_INTTYPES_H 1
| #define HAVE_STDINT_H 1
| #define HAVE_STRINGS_H 1
| #define HAVE_SYS_STAT_H 1
| #define HAVE_SYS_TYPES_H 1
| #define HAVE_UNISTD_H 1
| #define STDC_HEADERS 1
| #define HAVE_COROUTINES 1
| /* end confdefs.h.  */
| an_error "intentional-error-for-test.h"
| 
| int
| main (void)
| {
| 
|   ;
|   return 0;
| }
configure:7020: result: no
configure:7045: checking whether g++ accepts -Wno-unused
configure:7058: g++ -o conftest   -Wno-unused -Werror     conftest.cpp  >&5
configure:7058: $? = 0
configure:7087: g++ -c   -Wno-unused -Werror   conftest.cpp >&5
conftest.cpp:21:1: error: 'an_error' does not name a type
   21 | an_error "intentional-error-for-test.h"
      | ^~~~~~~~
configure:7087: $? = 1
configure: failed program was:
| /* confdefs.h */
| #define PACKAGE_NAME "Verilator"
| #define PACKAGE_TARNAME "verilator"
| #define PACKAGE_VERSION "5.008 2023-03-04"
| #define PACKAGE_STRING "Verilator 5.008 2023-03-04"
| #define PACKAGE_BUGREPORT "https://verilator.org"
| #define PACKAGE_URL "https://verilator.org"
| #define PACKAGE_VERSION_NUMBER_STRING "5.008"
| #define HAVE_STDIO_H 1
| #define HAVE_STDLIB_H 1
| #define HAVE_STRING_H 1
| #define HAVE_INTTYPES_H 1
| #define HAVE_STDINT_H 1
| #define HAVE_STRINGS_H 1
| #define HAVE_SYS_STAT_H 1
| #define HAVE_SYS_TYPES_H 1
| #define HAVE_UNISTD_H 1
| #define STDC_HEADERS 1
| #define HAVE_COROUTINES 1
| /* end confdefs.h.  */
| an_error "intentional-error-for-test.h"
| 
| int
| main (void)
| {
| 
|   ;
|   return 0;
| }
configure:7100: result: yes
configure:7129: checking whether g++ accepts -Og
configure:7142: g++ -o conftest   -Og -Werror     conftest.cpp  >&5
configure:7142: $? = 0
configure:7171: g++ -c   -Og -Werror   conftest.cpp >&5
conftest.cpp:21:1: error: 'an_error' does not name a type
   21 | an_error "intentional-error-for-test.h"
      | ^~~~~~~~
configure:7171: $? = 1
configure: failed program was:
| /* confdefs.h */
| #define PACKAGE_NAME "Verilator"
| #define PACKAGE_TARNAME "verilator"
| #define PACKAGE_VERSION "5.008 2023-03-04"
| #define PACKAGE_STRING "Verilator 5.008 2023-03-04"
| #define PACKAGE_BUGREPORT "https://verilator.org"
| #define PACKAGE_URL "https://verilator.org"
| #define PACKAGE_VERSION_NUMBER_STRING "5.008"
| #define HAVE_STDIO_H 1
| #define HAVE_STDLIB_H 1
| #define HAVE_STRING_H 1
| #define HAVE_INTTYPES_H 1
| #define HAVE_STDINT_H 1
| #define HAVE_STRINGS_H 1
| #define HAVE_SYS_STAT_H 1
| #define HAVE_SYS_TYPES_H 1
| #define HAVE_UNISTD_H 1
| #define STDC_HEADERS 1
| #define HAVE_COROUTINES 1
| /* end confdefs.h.  */
| an_error "intentional-error-for-test.h"
| 
| int
| main (void)
| {
| 
|   ;
|   return 0;
| }
configure:7184: result: yes
configure:7210: checking whether g++ accepts -ggdb
configure:7223: g++ -o conftest   -ggdb -Werror     conftest.cpp  >&5
configure:7223: $? = 0
configure:7252: g++ -c   -ggdb -Werror   conftest.cpp >&5
conftest.cpp:21:1: error: 'an_error' does not name a type
   21 | an_error "intentional-error-for-test.h"
      | ^~~~~~~~
configure:7252: $? = 1
configure: failed program was:
| /* confdefs.h */
| #define PACKAGE_NAME "Verilator"
| #define PACKAGE_TARNAME "verilator"
| #define PACKAGE_VERSION "5.008 2023-03-04"
| #define PACKAGE_STRING "Verilator 5.008 2023-03-04"
| #define PACKAGE_BUGREPORT "https://verilator.org"
| #define PACKAGE_URL "https://verilator.org"
| #define PACKAGE_VERSION_NUMBER_STRING "5.008"
| #define HAVE_STDIO_H 1
| #define HAVE_STDLIB_H 1
| #define HAVE_STRING_H 1
| #define HAVE_INTTYPES_H 1
| #define HAVE_STDINT_H 1
| #define HAVE_STRINGS_H 1
| #define HAVE_SYS_STAT_H 1
| #define HAVE_SYS_TYPES_H 1
| #define HAVE_UNISTD_H 1
| #define STDC_HEADERS 1
| #define HAVE_COROUTINES 1
| /* end confdefs.h.  */
| an_error "intentional-error-for-test.h"
| 
| int
| main (void)
| {
| 
|   ;
|   return 0;
| }
configure:7265: result: yes
configure:7290: checking whether g++ accepts -gz
configure:7303: g++ -o conftest   -gz -Werror     conftest.cpp  >&5
configure:7303: $? = 0
configure:7332: g++ -c   -gz -Werror   conftest.cpp >&5
conftest.cpp:21:1: error: 'an_error' does not name a type
   21 | an_error "intentional-error-for-test.h"
      | ^~~~~~~~
configure:7332: $? = 1
configure: failed program was:
| /* confdefs.h */
| #define PACKAGE_NAME "Verilator"
| #define PACKAGE_TARNAME "verilator"
| #define PACKAGE_VERSION "5.008 2023-03-04"
| #define PACKAGE_STRING "Verilator 5.008 2023-03-04"
| #define PACKAGE_BUGREPORT "https://verilator.org"
| #define PACKAGE_URL "https://verilator.org"
| #define PACKAGE_VERSION_NUMBER_STRING "5.008"
| #define HAVE_STDIO_H 1
| #define HAVE_STDLIB_H 1
| #define HAVE_STRING_H 1
| #define HAVE_INTTYPES_H 1
| #define HAVE_STDINT_H 1
| #define HAVE_STRINGS_H 1
| #define HAVE_SYS_STAT_H 1
| #define HAVE_SYS_TYPES_H 1
| #define HAVE_UNISTD_H 1
| #define STDC_HEADERS 1
| #define HAVE_COROUTINES 1
| /* end confdefs.h.  */
| an_error "intentional-error-for-test.h"
| 
| int
| main (void)
| {
| 
|   ;
|   return 0;
| }
configure:7345: result: yes
configure:7370: checking whether g++ linker accepts -gz
configure:7383: g++ -o conftest       conftest.cpp  -gz >&5
configure:7383: $? = 0
configure:7397: result: yes
configure:7434: checking whether g++ accepts -faligned-new
configure:7447: g++ -o conftest   -faligned-new -Werror     conftest.cpp  >&5
configure:7447: $? = 0
configure:7476: g++ -c   -faligned-new -Werror   conftest.cpp >&5
conftest.cpp:21:1: error: 'an_error' does not name a type
   21 | an_error "intentional-error-for-test.h"
      | ^~~~~~~~
configure:7476: $? = 1
configure: failed program was:
| /* confdefs.h */
| #define PACKAGE_NAME "Verilator"
| #define PACKAGE_TARNAME "verilator"
| #define PACKAGE_VERSION "5.008 2023-03-04"
| #define PACKAGE_STRING "Verilator 5.008 2023-03-04"
| #define PACKAGE_BUGREPORT "https://verilator.org"
| #define PACKAGE_URL "https://verilator.org"
| #define PACKAGE_VERSION_NUMBER_STRING "5.008"
| #define HAVE_STDIO_H 1
| #define HAVE_STDLIB_H 1
| #define HAVE_STRING_H 1
| #define HAVE_INTTYPES_H 1
| #define HAVE_STDINT_H 1
| #define HAVE_STRINGS_H 1
| #define HAVE_SYS_STAT_H 1
| #define HAVE_SYS_TYPES_H 1
| #define HAVE_UNISTD_H 1
| #define STDC_HEADERS 1
| #define HAVE_COROUTINES 1
| /* end confdefs.h.  */
| an_error "intentional-error-for-test.h"
| 
| int
| main (void)
| {
| 
|   ;
|   return 0;
| }
configure:7489: result: yes
configure:7517: checking whether g++ accepts -fbracket-depth=4096
configure:7530: g++ -o conftest   -fbracket-depth=4096 -Werror     conftest.cpp  >&5
g++: error: unrecognized command-line option '-fbracket-depth=4096'
configure:7530: $? = 1
configure: failed program was:
| /* confdefs.h */
| #define PACKAGE_NAME "Verilator"
| #define PACKAGE_TARNAME "verilator"
| #define PACKAGE_VERSION "5.008 2023-03-04"
| #define PACKAGE_STRING "Verilator 5.008 2023-03-04"
| #define PACKAGE_BUGREPORT "https://verilator.org"
| #define PACKAGE_URL "https://verilator.org"
| #define PACKAGE_VERSION_NUMBER_STRING "5.008"
| #define HAVE_STDIO_H 1
| #define HAVE_STDLIB_H 1
| #define HAVE_STRING_H 1
| #define HAVE_INTTYPES_H 1
| #define HAVE_STDINT_H 1
| #define HAVE_STRINGS_H 1
| #define HAVE_SYS_STAT_H 1
| #define HAVE_SYS_TYPES_H 1
| #define HAVE_UNISTD_H 1
| #define STDC_HEADERS 1
| #define HAVE_COROUTINES 1
| /* end confdefs.h.  */
| #include <new>
| int
| main (void)
| {
| int* a=new int; delete a;
|   ;
|   return 0;
| }
configure:7559: g++ -c   -fbracket-depth=4096 -Werror   conftest.cpp >&5
g++: error: unrecognized command-line option '-fbracket-depth=4096'
configure:7559: $? = 1
configure: failed program was:
| /* confdefs.h */
| #define PACKAGE_NAME "Verilator"
| #define PACKAGE_TARNAME "verilator"
| #define PACKAGE_VERSION "5.008 2023-03-04"
| #define PACKAGE_STRING "Verilator 5.008 2023-03-04"
| #define PACKAGE_BUGREPORT "https://verilator.org"
| #define PACKAGE_URL "https://verilator.org"
| #define PACKAGE_VERSION_NUMBER_STRING "5.008"
| #define HAVE_STDIO_H 1
| #define HAVE_STDLIB_H 1
| #define HAVE_STRING_H 1
| #define HAVE_INTTYPES_H 1
| #define HAVE_STDINT_H 1
| #define HAVE_STRINGS_H 1
| #define HAVE_SYS_STAT_H 1
| #define HAVE_SYS_TYPES_H 1
| #define HAVE_UNISTD_H 1
| #define STDC_HEADERS 1
| #define HAVE_COROUTINES 1
| /* end confdefs.h.  */
| an_error "intentional-error-for-test.h"
| 
| int
| main (void)
| {
| 
|   ;
|   return 0;
| }
configure:7572: result: no
configure:7600: checking whether g++ accepts -fcf-protection=none
configure:7613: g++ -o conftest   -fcf-protection=none -Werror     conftest.cpp  >&5
configure:7613: $? = 0
configure:7642: g++ -c   -fcf-protection=none -Werror   conftest.cpp >&5
conftest.cpp:21:1: error: 'an_error' does not name a type
   21 | an_error "intentional-error-for-test.h"
      | ^~~~~~~~
configure:7642: $? = 1
configure: failed program was:
| /* confdefs.h */
| #define PACKAGE_NAME "Verilator"
| #define PACKAGE_TARNAME "verilator"
| #define PACKAGE_VERSION "5.008 2023-03-04"
| #define PACKAGE_STRING "Verilator 5.008 2023-03-04"
| #define PACKAGE_BUGREPORT "https://verilator.org"
| #define PACKAGE_URL "https://verilator.org"
| #define PACKAGE_VERSION_NUMBER_STRING "5.008"
| #define HAVE_STDIO_H 1
| #define HAVE_STDLIB_H 1
| #define HAVE_STRING_H 1
| #define HAVE_INTTYPES_H 1
| #define HAVE_STDINT_H 1
| #define HAVE_STRINGS_H 1
| #define HAVE_SYS_STAT_H 1
| #define HAVE_SYS_TYPES_H 1
| #define HAVE_UNISTD_H 1
| #define STDC_HEADERS 1
| #define HAVE_COROUTINES 1
| /* end confdefs.h.  */
| an_error "intentional-error-for-test.h"
| 
| int
| main (void)
| {
| 
|   ;
|   return 0;
| }
configure:7655: result: yes
configure:7683: checking whether g++ accepts -mno-cet
configure:7696: g++ -o conftest   -mno-cet -Werror     conftest.cpp  >&5
g++: error: unrecognized command-line option '-mno-cet'; did you mean '-mno-aes'?
configure:7696: $? = 1
configure: failed program was:
| /* confdefs.h */
| #define PACKAGE_NAME "Verilator"
| #define PACKAGE_TARNAME "verilator"
| #define PACKAGE_VERSION "5.008 2023-03-04"
| #define PACKAGE_STRING "Verilator 5.008 2023-03-04"
| #define PACKAGE_BUGREPORT "https://verilator.org"
| #define PACKAGE_URL "https://verilator.org"
| #define PACKAGE_VERSION_NUMBER_STRING "5.008"
| #define HAVE_STDIO_H 1
| #define HAVE_STDLIB_H 1
| #define HAVE_STRING_H 1
| #define HAVE_INTTYPES_H 1
| #define HAVE_STDINT_H 1
| #define HAVE_STRINGS_H 1
| #define HAVE_SYS_STAT_H 1
| #define HAVE_SYS_TYPES_H 1
| #define HAVE_UNISTD_H 1
| #define STDC_HEADERS 1
| #define HAVE_COROUTINES 1
| /* end confdefs.h.  */
| #include <new>
| int
| main (void)
| {
| int* a=new int; delete a;
|   ;
|   return 0;
| }
configure:7725: g++ -c   -mno-cet -Werror   conftest.cpp >&5
g++: error: unrecognized command-line option '-mno-cet'; did you mean '-mno-aes'?
configure:7725: $? = 1
configure: failed program was:
| /* confdefs.h */
| #define PACKAGE_NAME "Verilator"
| #define PACKAGE_TARNAME "verilator"
| #define PACKAGE_VERSION "5.008 2023-03-04"
| #define PACKAGE_STRING "Verilator 5.008 2023-03-04"
| #define PACKAGE_BUGREPORT "https://verilator.org"
| #define PACKAGE_URL "https://verilator.org"
| #define PACKAGE_VERSION_NUMBER_STRING "5.008"
| #define HAVE_STDIO_H 1
| #define HAVE_STDLIB_H 1
| #define HAVE_STRING_H 1
| #define HAVE_INTTYPES_H 1
| #define HAVE_STDINT_H 1
| #define HAVE_STRINGS_H 1
| #define HAVE_SYS_STAT_H 1
| #define HAVE_SYS_TYPES_H 1
| #define HAVE_UNISTD_H 1
| #define STDC_HEADERS 1
| #define HAVE_COROUTINES 1
| /* end confdefs.h.  */
| an_error "intentional-error-for-test.h"
| 
| int
| main (void)
| {
| 
|   ;
|   return 0;
| }
configure:7738: result: no
configure:7766: checking whether g++ accepts -Qunused-arguments
configure:7779: g++ -o conftest   -Qunused-arguments -Werror     conftest.cpp  >&5
g++: error: unrecognized command-line option '-Qunused-arguments'
configure:7779: $? = 1
configure: failed program was:
| /* confdefs.h */
| #define PACKAGE_NAME "Verilator"
| #define PACKAGE_TARNAME "verilator"
| #define PACKAGE_VERSION "5.008 2023-03-04"
| #define PACKAGE_STRING "Verilator 5.008 2023-03-04"
| #define PACKAGE_BUGREPORT "https://verilator.org"
| #define PACKAGE_URL "https://verilator.org"
| #define PACKAGE_VERSION_NUMBER_STRING "5.008"
| #define HAVE_STDIO_H 1
| #define HAVE_STDLIB_H 1
| #define HAVE_STRING_H 1
| #define HAVE_INTTYPES_H 1
| #define HAVE_STDINT_H 1
| #define HAVE_STRINGS_H 1
| #define HAVE_SYS_STAT_H 1
| #define HAVE_SYS_TYPES_H 1
| #define HAVE_UNISTD_H 1
| #define STDC_HEADERS 1
| #define HAVE_COROUTINES 1
| /* end confdefs.h.  */
| #include <new>
| int
| main (void)
| {
| int* a=new int; delete a;
|   ;
|   return 0;
| }
configure:7808: g++ -c   -Qunused-arguments -Werror   conftest.cpp >&5
g++: error: unrecognized command-line option '-Qunused-arguments'
configure:7808: $? = 1
configure: failed program was:
| /* confdefs.h */
| #define PACKAGE_NAME "Verilator"
| #define PACKAGE_TARNAME "verilator"
| #define PACKAGE_VERSION "5.008 2023-03-04"
| #define PACKAGE_STRING "Verilator 5.008 2023-03-04"
| #define PACKAGE_BUGREPORT "https://verilator.org"
| #define PACKAGE_URL "https://verilator.org"
| #define PACKAGE_VERSION_NUMBER_STRING "5.008"
| #define HAVE_STDIO_H 1
| #define HAVE_STDLIB_H 1
| #define HAVE_STRING_H 1
| #define HAVE_INTTYPES_H 1
| #define HAVE_STDINT_H 1
| #define HAVE_STRINGS_H 1
| #define HAVE_SYS_STAT_H 1
| #define HAVE_SYS_TYPES_H 1
| #define HAVE_UNISTD_H 1
| #define STDC_HEADERS 1
| #define HAVE_COROUTINES 1
| /* end confdefs.h.  */
| an_error "intentional-error-for-test.h"
| 
| int
| main (void)
| {
| 
|   ;
|   return 0;
| }
configure:7821: result: no
configure:7849: checking whether g++ accepts -Wno-bool-operation
configure:7862: g++ -o conftest   -Wno-bool-operation -Werror     conftest.cpp  >&5
configure:7862: $? = 0
configure:7891: g++ -c   -Wno-bool-operation -Werror   conftest.cpp >&5
conftest.cpp:21:1: error: 'an_error' does not name a type
   21 | an_error "intentional-error-for-test.h"
      | ^~~~~~~~
configure:7891: $? = 1
configure: failed program was:
| /* confdefs.h */
| #define PACKAGE_NAME "Verilator"
| #define PACKAGE_TARNAME "verilator"
| #define PACKAGE_VERSION "5.008 2023-03-04"
| #define PACKAGE_STRING "Verilator 5.008 2023-03-04"
| #define PACKAGE_BUGREPORT "https://verilator.org"
| #define PACKAGE_URL "https://verilator.org"
| #define PACKAGE_VERSION_NUMBER_STRING "5.008"
| #define HAVE_STDIO_H 1
| #define HAVE_STDLIB_H 1
| #define HAVE_STRING_H 1
| #define HAVE_INTTYPES_H 1
| #define HAVE_STDINT_H 1
| #define HAVE_STRINGS_H 1
| #define HAVE_SYS_STAT_H 1
| #define HAVE_SYS_TYPES_H 1
| #define HAVE_UNISTD_H 1
| #define STDC_HEADERS 1
| #define HAVE_COROUTINES 1
| /* end confdefs.h.  */
| an_error "intentional-error-for-test.h"
| 
| int
| main (void)
| {
| 
|   ;
|   return 0;
| }
configure:7904: result: yes
configure:7932: checking whether g++ accepts -Wno-tautological-bitwise-compare
configure:7945: g++ -o conftest   -Wno-tautological-bitwise-compare -Werror     conftest.cpp  >&5
configure:7945: $? = 0
configure:7974: g++ -c   -Wno-tautological-bitwise-compare -Werror   conftest.cpp >&5
conftest.cpp:21:1: error: 'an_error' does not name a type
   21 | an_error "intentional-error-for-test.h"
      | ^~~~~~~~
cc1plus: note: unrecognized command-line option '-Wno-tautological-bitwise-compare' may have been intended to silence earlier diagnostics
configure:7974: $? = 1
configure: failed program was:
| /* confdefs.h */
| #define PACKAGE_NAME "Verilator"
| #define PACKAGE_TARNAME "verilator"
| #define PACKAGE_VERSION "5.008 2023-03-04"
| #define PACKAGE_STRING "Verilator 5.008 2023-03-04"
| #define PACKAGE_BUGREPORT "https://verilator.org"
| #define PACKAGE_URL "https://verilator.org"
| #define PACKAGE_VERSION_NUMBER_STRING "5.008"
| #define HAVE_STDIO_H 1
| #define HAVE_STDLIB_H 1
| #define HAVE_STRING_H 1
| #define HAVE_INTTYPES_H 1
| #define HAVE_STDINT_H 1
| #define HAVE_STRINGS_H 1
| #define HAVE_SYS_STAT_H 1
| #define HAVE_SYS_TYPES_H 1
| #define HAVE_UNISTD_H 1
| #define STDC_HEADERS 1
| #define HAVE_COROUTINES 1
| /* end confdefs.h.  */
| an_error "intentional-error-for-test.h"
| 
| int
| main (void)
| {
| 
|   ;
|   return 0;
| }
configure:7987: result: no
configure:8015: checking whether g++ accepts -Wno-parentheses-equality
configure:8028: g++ -o conftest   -Wno-parentheses-equality -Werror     conftest.cpp  >&5
configure:8028: $? = 0
configure:8057: g++ -c   -Wno-parentheses-equality -Werror   conftest.cpp >&5
conftest.cpp:21:1: error: 'an_error' does not name a type
   21 | an_error "intentional-error-for-test.h"
      | ^~~~~~~~
cc1plus: note: unrecognized command-line option '-Wno-parentheses-equality' may have been intended to silence earlier diagnostics
configure:8057: $? = 1
configure: failed program was:
| /* confdefs.h */
| #define PACKAGE_NAME "Verilator"
| #define PACKAGE_TARNAME "verilator"
| #define PACKAGE_VERSION "5.008 2023-03-04"
| #define PACKAGE_STRING "Verilator 5.008 2023-03-04"
| #define PACKAGE_BUGREPORT "https://verilator.org"
| #define PACKAGE_URL "https://verilator.org"
| #define PACKAGE_VERSION_NUMBER_STRING "5.008"
| #define HAVE_STDIO_H 1
| #define HAVE_STDLIB_H 1
| #define HAVE_STRING_H 1
| #define HAVE_INTTYPES_H 1
| #define HAVE_STDINT_H 1
| #define HAVE_STRINGS_H 1
| #define HAVE_SYS_STAT_H 1
| #define HAVE_SYS_TYPES_H 1
| #define HAVE_UNISTD_H 1
| #define STDC_HEADERS 1
| #define HAVE_COROUTINES 1
| /* end confdefs.h.  */
| an_error "intentional-error-for-test.h"
| 
| int
| main (void)
| {
| 
|   ;
|   return 0;
| }
configure:8070: result: no
configure:8098: checking whether g++ accepts -Wno-sign-compare
configure:8111: g++ -o conftest   -Wno-sign-compare -Werror     conftest.cpp  >&5
configure:8111: $? = 0
configure:8140: g++ -c   -Wno-sign-compare -Werror   conftest.cpp >&5
conftest.cpp:21:1: error: 'an_error' does not name a type
   21 | an_error "intentional-error-for-test.h"
      | ^~~~~~~~
configure:8140: $? = 1
configure: failed program was:
| /* confdefs.h */
| #define PACKAGE_NAME "Verilator"
| #define PACKAGE_TARNAME "verilator"
| #define PACKAGE_VERSION "5.008 2023-03-04"
| #define PACKAGE_STRING "Verilator 5.008 2023-03-04"
| #define PACKAGE_BUGREPORT "https://verilator.org"
| #define PACKAGE_URL "https://verilator.org"
| #define PACKAGE_VERSION_NUMBER_STRING "5.008"
| #define HAVE_STDIO_H 1
| #define HAVE_STDLIB_H 1
| #define HAVE_STRING_H 1
| #define HAVE_INTTYPES_H 1
| #define HAVE_STDINT_H 1
| #define HAVE_STRINGS_H 1
| #define HAVE_SYS_STAT_H 1
| #define HAVE_SYS_TYPES_H 1
| #define HAVE_UNISTD_H 1
| #define STDC_HEADERS 1
| #define HAVE_COROUTINES 1
| /* end confdefs.h.  */
| an_error "intentional-error-for-test.h"
| 
| int
| main (void)
| {
| 
|   ;
|   return 0;
| }
configure:8153: result: yes
configure:8181: checking whether g++ accepts -Wno-uninitialized
configure:8194: g++ -o conftest   -Wno-uninitialized -Werror     conftest.cpp  >&5
configure:8194: $? = 0
configure:8223: g++ -c   -Wno-uninitialized -Werror   conftest.cpp >&5
conftest.cpp:21:1: error: 'an_error' does not name a type
   21 | an_error "intentional-error-for-test.h"
      | ^~~~~~~~
configure:8223: $? = 1
configure: failed program was:
| /* confdefs.h */
| #define PACKAGE_NAME "Verilator"
| #define PACKAGE_TARNAME "verilator"
| #define PACKAGE_VERSION "5.008 2023-03-04"
| #define PACKAGE_STRING "Verilator 5.008 2023-03-04"
| #define PACKAGE_BUGREPORT "https://verilator.org"
| #define PACKAGE_URL "https://verilator.org"
| #define PACKAGE_VERSION_NUMBER_STRING "5.008"
| #define HAVE_STDIO_H 1
| #define HAVE_STDLIB_H 1
| #define HAVE_STRING_H 1
| #define HAVE_INTTYPES_H 1
| #define HAVE_STDINT_H 1
| #define HAVE_STRINGS_H 1
| #define HAVE_SYS_STAT_H 1
| #define HAVE_SYS_TYPES_H 1
| #define HAVE_UNISTD_H 1
| #define STDC_HEADERS 1
| #define HAVE_COROUTINES 1
| /* end confdefs.h.  */
| an_error "intentional-error-for-test.h"
| 
| int
| main (void)
| {
| 
|   ;
|   return 0;
| }
configure:8236: result: yes
configure:8264: checking whether g++ accepts -Wno-unused-but-set-variable
configure:8277: g++ -o conftest   -Wno-unused-but-set-variable -Werror     conftest.cpp  >&5
configure:8277: $? = 0
configure:8306: g++ -c   -Wno-unused-but-set-variable -Werror   conftest.cpp >&5
conftest.cpp:21:1: error: 'an_error' does not name a type
   21 | an_error "intentional-error-for-test.h"
      | ^~~~~~~~
configure:8306: $? = 1
configure: failed program was:
| /* confdefs.h */
| #define PACKAGE_NAME "Verilator"
| #define PACKAGE_TARNAME "verilator"
| #define PACKAGE_VERSION "5.008 2023-03-04"
| #define PACKAGE_STRING "Verilator 5.008 2023-03-04"
| #define PACKAGE_BUGREPORT "https://verilator.org"
| #define PACKAGE_URL "https://verilator.org"
| #define PACKAGE_VERSION_NUMBER_STRING "5.008"
| #define HAVE_STDIO_H 1
| #define HAVE_STDLIB_H 1
| #define HAVE_STRING_H 1
| #define HAVE_INTTYPES_H 1
| #define HAVE_STDINT_H 1
| #define HAVE_STRINGS_H 1
| #define HAVE_SYS_STAT_H 1
| #define HAVE_SYS_TYPES_H 1
| #define HAVE_UNISTD_H 1
| #define STDC_HEADERS 1
| #define HAVE_COROUTINES 1
| /* end confdefs.h.  */
| an_error "intentional-error-for-test.h"
| 
| int
| main (void)
| {
| 
|   ;
|   return 0;
| }
configure:8319: result: yes
configure:8347: checking whether g++ accepts -Wno-unused-parameter
configure:8360: g++ -o conftest   -Wno-unused-parameter -Werror     conftest.cpp  >&5
configure:8360: $? = 0
configure:8389: g++ -c   -Wno-unused-parameter -Werror   conftest.cpp >&5
conftest.cpp:21:1: error: 'an_error' does not name a type
   21 | an_error "intentional-error-for-test.h"
      | ^~~~~~~~
configure:8389: $? = 1
configure: failed program was:
| /* confdefs.h */
| #define PACKAGE_NAME "Verilator"
| #define PACKAGE_TARNAME "verilator"
| #define PACKAGE_VERSION "5.008 2023-03-04"
| #define PACKAGE_STRING "Verilator 5.008 2023-03-04"
| #define PACKAGE_BUGREPORT "https://verilator.org"
| #define PACKAGE_URL "https://verilator.org"
| #define PACKAGE_VERSION_NUMBER_STRING "5.008"
| #define HAVE_STDIO_H 1
| #define HAVE_STDLIB_H 1
| #define HAVE_STRING_H 1
| #define HAVE_INTTYPES_H 1
| #define HAVE_STDINT_H 1
| #define HAVE_STRINGS_H 1
| #define HAVE_SYS_STAT_H 1
| #define HAVE_SYS_TYPES_H 1
| #define HAVE_UNISTD_H 1
| #define STDC_HEADERS 1
| #define HAVE_COROUTINES 1
| /* end confdefs.h.  */
| an_error "intentional-error-for-test.h"
| 
| int
| main (void)
| {
| 
|   ;
|   return 0;
| }
configure:8402: result: yes
configure:8430: checking whether g++ accepts -Wno-unused-variable
configure:8443: g++ -o conftest   -Wno-unused-variable -Werror     conftest.cpp  >&5
configure:8443: $? = 0
configure:8472: g++ -c   -Wno-unused-variable -Werror   conftest.cpp >&5
conftest.cpp:21:1: error: 'an_error' does not name a type
   21 | an_error "intentional-error-for-test.h"
      | ^~~~~~~~
configure:8472: $? = 1
configure: failed program was:
| /* confdefs.h */
| #define PACKAGE_NAME "Verilator"
| #define PACKAGE_TARNAME "verilator"
| #define PACKAGE_VERSION "5.008 2023-03-04"
| #define PACKAGE_STRING "Verilator 5.008 2023-03-04"
| #define PACKAGE_BUGREPORT "https://verilator.org"
| #define PACKAGE_URL "https://verilator.org"
| #define PACKAGE_VERSION_NUMBER_STRING "5.008"
| #define HAVE_STDIO_H 1
| #define HAVE_STDLIB_H 1
| #define HAVE_STRING_H 1
| #define HAVE_INTTYPES_H 1
| #define HAVE_STDINT_H 1
| #define HAVE_STRINGS_H 1
| #define HAVE_SYS_STAT_H 1
| #define HAVE_SYS_TYPES_H 1
| #define HAVE_UNISTD_H 1
| #define STDC_HEADERS 1
| #define HAVE_COROUTINES 1
| /* end confdefs.h.  */
| an_error "intentional-error-for-test.h"
| 
| int
| main (void)
| {
| 
|   ;
|   return 0;
| }
configure:8485: result: yes
configure:8513: checking whether g++ accepts -Wno-shadow
configure:8526: g++ -o conftest   -Wno-shadow -Werror     conftest.cpp  >&5
configure:8526: $? = 0
configure:8555: g++ -c   -Wno-shadow -Werror   conftest.cpp >&5
conftest.cpp:21:1: error: 'an_error' does not name a type
   21 | an_error "intentional-error-for-test.h"
      | ^~~~~~~~
configure:8555: $? = 1
configure: failed program was:
| /* confdefs.h */
| #define PACKAGE_NAME "Verilator"
| #define PACKAGE_TARNAME "verilator"
| #define PACKAGE_VERSION "5.008 2023-03-04"
| #define PACKAGE_STRING "Verilator 5.008 2023-03-04"
| #define PACKAGE_BUGREPORT "https://verilator.org"
| #define PACKAGE_URL "https://verilator.org"
| #define PACKAGE_VERSION_NUMBER_STRING "5.008"
| #define HAVE_STDIO_H 1
| #define HAVE_STDLIB_H 1
| #define HAVE_STRING_H 1
| #define HAVE_INTTYPES_H 1
| #define HAVE_STDINT_H 1
| #define HAVE_STRINGS_H 1
| #define HAVE_SYS_STAT_H 1
| #define HAVE_SYS_TYPES_H 1
| #define HAVE_UNISTD_H 1
| #define STDC_HEADERS 1
| #define HAVE_COROUTINES 1
| /* end confdefs.h.  */
| an_error "intentional-error-for-test.h"
| 
| int
| main (void)
| {
| 
|   ;
|   return 0;
| }
configure:8568: result: yes
configure:8598: checking whether g++ linker accepts -mt
configure:8611: g++ -o conftest       conftest.cpp  -mt >&5
g++: error: unrecognized command-line option '-mt'; did you mean '-MT'?
configure:8611: $? = 1
configure: failed program was:
| /* confdefs.h */
| #define PACKAGE_NAME "Verilator"
| #define PACKAGE_TARNAME "verilator"
| #define PACKAGE_VERSION "5.008 2023-03-04"
| #define PACKAGE_STRING "Verilator 5.008 2023-03-04"
| #define PACKAGE_BUGREPORT "https://verilator.org"
| #define PACKAGE_URL "https://verilator.org"
| #define PACKAGE_VERSION_NUMBER_STRING "5.008"
| #define HAVE_STDIO_H 1
| #define HAVE_STDLIB_H 1
| #define HAVE_STRING_H 1
| #define HAVE_INTTYPES_H 1
| #define HAVE_STDINT_H 1
| #define HAVE_STRINGS_H 1
| #define HAVE_SYS_STAT_H 1
| #define HAVE_SYS_TYPES_H 1
| #define HAVE_UNISTD_H 1
| #define STDC_HEADERS 1
| #define HAVE_COROUTINES 1
| /* end confdefs.h.  */
| 
| int
| main (void)
| {
| 
|   ;
|   return 0;
| }
configure:8625: result: no
configure:8650: checking whether g++ linker accepts -pthread
configure:8663: g++ -o conftest       conftest.cpp  -pthread >&5
configure:8663: $? = 0
configure:8677: result: yes
configure:8702: checking whether g++ linker accepts -lpthread
configure:8715: g++ -o conftest       conftest.cpp  -lpthread >&5
configure:8715: $? = 0
configure:8729: result: yes
configure:8754: checking whether g++ linker accepts -latomic
configure:8767: g++ -o conftest       conftest.cpp  -latomic >&5
configure:8767: $? = 0
configure:8781: result: yes
configure:8811: checking whether g++ linker accepts -static-libgcc
configure:8824: g++ -o conftest       conftest.cpp  -static-libgcc >&5
configure:8824: $? = 0
configure:8838: result: yes
configure:8860: checking whether g++ linker accepts -static-libstdc++
configure:8873: g++ -o conftest       conftest.cpp  -static-libstdc++ >&5
configure:8873: $? = 0
configure:8887: result: yes
configure:8909: checking whether g++ linker accepts -Xlinker -gc-sections
configure:8922: g++ -o conftest       conftest.cpp  -Xlinker -gc-sections >&5
configure:8922: $? = 0
configure:8936: result: yes
configure:8968: checking whether g++ linker accepts -lpthread
configure:8981: g++ -o conftest       conftest.cpp  -lpthread >&5
configure:8981: $? = 0
configure:8995: result: yes
configure:9019: checking whether g++ linker accepts -lbcrypt
configure:9032: g++ -o conftest       conftest.cpp  -lbcrypt >&5
/usr/bin/ld: cannot find -lbcrypt: No such file or directory
collect2: error: ld returned 1 exit status
configure:9032: $? = 1
configure: failed program was:
| /* confdefs.h */
| #define PACKAGE_NAME "Verilator"
| #define PACKAGE_TARNAME "verilator"
| #define PACKAGE_VERSION "5.008 2023-03-04"
| #define PACKAGE_STRING "Verilator 5.008 2023-03-04"
| #define PACKAGE_BUGREPORT "https://verilator.org"
| #define PACKAGE_URL "https://verilator.org"
| #define PACKAGE_VERSION_NUMBER_STRING "5.008"
| #define HAVE_STDIO_H 1
| #define HAVE_STDLIB_H 1
| #define HAVE_STRING_H 1
| #define HAVE_INTTYPES_H 1
| #define HAVE_STDINT_H 1
| #define HAVE_STRINGS_H 1
| #define HAVE_SYS_STAT_H 1
| #define HAVE_SYS_TYPES_H 1
| #define HAVE_UNISTD_H 1
| #define STDC_HEADERS 1
| #define HAVE_COROUTINES 1
| /* end confdefs.h.  */
| 
| int
| main (void)
| {
| 
|   ;
|   return 0;
| }
configure:9046: result: no
configure:9068: checking whether g++ linker accepts -lpsapi
configure:9081: g++ -o conftest       conftest.cpp  -lpsapi >&5
/usr/bin/ld: cannot find -lpsapi: No such file or directory
collect2: error: ld returned 1 exit status
configure:9081: $? = 1
configure: failed program was:
| /* confdefs.h */
| #define PACKAGE_NAME "Verilator"
| #define PACKAGE_TARNAME "verilator"
| #define PACKAGE_VERSION "5.008 2023-03-04"
| #define PACKAGE_STRING "Verilator 5.008 2023-03-04"
| #define PACKAGE_BUGREPORT "https://verilator.org"
| #define PACKAGE_URL "https://verilator.org"
| #define PACKAGE_VERSION_NUMBER_STRING "5.008"
| #define HAVE_STDIO_H 1
| #define HAVE_STDLIB_H 1
| #define HAVE_STRING_H 1
| #define HAVE_INTTYPES_H 1
| #define HAVE_STDINT_H 1
| #define HAVE_STRINGS_H 1
| #define HAVE_SYS_STAT_H 1
| #define HAVE_SYS_TYPES_H 1
| #define HAVE_UNISTD_H 1
| #define STDC_HEADERS 1
| #define HAVE_COROUTINES 1
| /* end confdefs.h.  */
| 
| int
| main (void)
| {
| 
|   ;
|   return 0;
| }
configure:9095: result: no
configure:9117: checking whether g++ linker accepts -l:libtcmalloc_minimal.a
configure:9130: g++ -o conftest       conftest.cpp  -l:libtcmalloc_minimal.a >&5
configure:9130: $? = 0
configure:9144: result: yes
configure:9166: checking whether g++ accepts -fno-builtin-malloc
configure:9179: g++ -o conftest   -fno-builtin-malloc -Werror     conftest.cpp  >&5
configure:9179: $? = 0
configure:9208: g++ -c   -fno-builtin-malloc -Werror   conftest.cpp >&5
conftest.cpp:21:1: error: 'an_error' does not name a type
   21 | an_error "intentional-error-for-test.h"
      | ^~~~~~~~
configure:9208: $? = 1
configure: failed program was:
| /* confdefs.h */
| #define PACKAGE_NAME "Verilator"
| #define PACKAGE_TARNAME "verilator"
| #define PACKAGE_VERSION "5.008 2023-03-04"
| #define PACKAGE_STRING "Verilator 5.008 2023-03-04"
| #define PACKAGE_BUGREPORT "https://verilator.org"
| #define PACKAGE_URL "https://verilator.org"
| #define PACKAGE_VERSION_NUMBER_STRING "5.008"
| #define HAVE_STDIO_H 1
| #define HAVE_STDLIB_H 1
| #define HAVE_STRING_H 1
| #define HAVE_INTTYPES_H 1
| #define HAVE_STDINT_H 1
| #define HAVE_STRINGS_H 1
| #define HAVE_SYS_STAT_H 1
| #define HAVE_SYS_TYPES_H 1
| #define HAVE_UNISTD_H 1
| #define STDC_HEADERS 1
| #define HAVE_COROUTINES 1
| /* end confdefs.h.  */
| an_error "intentional-error-for-test.h"
| 
| int
| main (void)
| {
| 
|   ;
|   return 0;
| }
configure:9221: result: yes
configure:9246: checking whether g++ accepts -fno-builtin-calloc
configure:9259: g++ -o conftest   -fno-builtin-calloc -Werror     conftest.cpp  >&5
configure:9259: $? = 0
configure:9288: g++ -c   -fno-builtin-calloc -Werror   conftest.cpp >&5
conftest.cpp:21:1: error: 'an_error' does not name a type
   21 | an_error "intentional-error-for-test.h"
      | ^~~~~~~~
configure:9288: $? = 1
configure: failed program was:
| /* confdefs.h */
| #define PACKAGE_NAME "Verilator"
| #define PACKAGE_TARNAME "verilator"
| #define PACKAGE_VERSION "5.008 2023-03-04"
| #define PACKAGE_STRING "Verilator 5.008 2023-03-04"
| #define PACKAGE_BUGREPORT "https://verilator.org"
| #define PACKAGE_URL "https://verilator.org"
| #define PACKAGE_VERSION_NUMBER_STRING "5.008"
| #define HAVE_STDIO_H 1
| #define HAVE_STDLIB_H 1
| #define HAVE_STRING_H 1
| #define HAVE_INTTYPES_H 1
| #define HAVE_STDINT_H 1
| #define HAVE_STRINGS_H 1
| #define HAVE_SYS_STAT_H 1
| #define HAVE_SYS_TYPES_H 1
| #define HAVE_UNISTD_H 1
| #define STDC_HEADERS 1
| #define HAVE_COROUTINES 1
| /* end confdefs.h.  */
| an_error "intentional-error-for-test.h"
| 
| int
| main (void)
| {
| 
|   ;
|   return 0;
| }
configure:9301: result: yes
configure:9326: checking whether g++ accepts -fno-builtin-realloc
configure:9339: g++ -o conftest   -fno-builtin-realloc -Werror     conftest.cpp  >&5
configure:9339: $? = 0
configure:9368: g++ -c   -fno-builtin-realloc -Werror   conftest.cpp >&5
conftest.cpp:21:1: error: 'an_error' does not name a type
   21 | an_error "intentional-error-for-test.h"
      | ^~~~~~~~
configure:9368: $? = 1
configure: failed program was:
| /* confdefs.h */
| #define PACKAGE_NAME "Verilator"
| #define PACKAGE_TARNAME "verilator"
| #define PACKAGE_VERSION "5.008 2023-03-04"
| #define PACKAGE_STRING "Verilator 5.008 2023-03-04"
| #define PACKAGE_BUGREPORT "https://verilator.org"
| #define PACKAGE_URL "https://verilator.org"
| #define PACKAGE_VERSION_NUMBER_STRING "5.008"
| #define HAVE_STDIO_H 1
| #define HAVE_STDLIB_H 1
| #define HAVE_STRING_H 1
| #define HAVE_INTTYPES_H 1
| #define HAVE_STDINT_H 1
| #define HAVE_STRINGS_H 1
| #define HAVE_SYS_STAT_H 1
| #define HAVE_SYS_TYPES_H 1
| #define HAVE_UNISTD_H 1
| #define STDC_HEADERS 1
| #define HAVE_COROUTINES 1
| /* end confdefs.h.  */
| an_error "intentional-error-for-test.h"
| 
| int
| main (void)
| {
| 
|   ;
|   return 0;
| }
configure:9381: result: yes
configure:9406: checking whether g++ accepts -fno-builtin-free
configure:9419: g++ -o conftest   -fno-builtin-free -Werror     conftest.cpp  >&5
configure:9419: $? = 0
configure:9448: g++ -c   -fno-builtin-free -Werror   conftest.cpp >&5
conftest.cpp:21:1: error: 'an_error' does not name a type
   21 | an_error "intentional-error-for-test.h"
      | ^~~~~~~~
configure:9448: $? = 1
configure: failed program was:
| /* confdefs.h */
| #define PACKAGE_NAME "Verilator"
| #define PACKAGE_TARNAME "verilator"
| #define PACKAGE_VERSION "5.008 2023-03-04"
| #define PACKAGE_STRING "Verilator 5.008 2023-03-04"
| #define PACKAGE_BUGREPORT "https://verilator.org"
| #define PACKAGE_URL "https://verilator.org"
| #define PACKAGE_VERSION_NUMBER_STRING "5.008"
| #define HAVE_STDIO_H 1
| #define HAVE_STDLIB_H 1
| #define HAVE_STRING_H 1
| #define HAVE_INTTYPES_H 1
| #define HAVE_STDINT_H 1
| #define HAVE_STRINGS_H 1
| #define HAVE_SYS_STAT_H 1
| #define HAVE_SYS_TYPES_H 1
| #define HAVE_UNISTD_H 1
| #define STDC_HEADERS 1
| #define HAVE_COROUTINES 1
| /* end confdefs.h.  */
| an_error "intentional-error-for-test.h"
| 
| int
| main (void)
| {
| 
|   ;
|   return 0;
| }
configure:9461: result: yes
configure:9491: checking whether g++ supports C++11
configure:9510: g++ -o conftest       conftest.cpp  >&5
configure:9510: $? = 0
configure:9525: result: yes
configure:9582: checking for struct stat.st_mtim.tv_nsec
configure:9582: g++ -c     conftest.cpp >&5
configure:9582: $? = 0
configure:9582: result: yes
configure:9596: checking whether SystemC is found (in system path)
configure:9613: g++ -o conftest       conftest.cpp  -lsystemc >&5
conftest.cpp:22:10: fatal error: systemc.h: No such file or directory
   22 | #include <systemc.h>
      |          ^~~~~~~~~~~
compilation terminated.
configure:9613: $? = 1
configure: failed program was:
| /* confdefs.h */
| #define PACKAGE_NAME "Verilator"
| #define PACKAGE_TARNAME "verilator"
| #define PACKAGE_VERSION "5.008 2023-03-04"
| #define PACKAGE_STRING "Verilator 5.008 2023-03-04"
| #define PACKAGE_BUGREPORT "https://verilator.org"
| #define PACKAGE_URL "https://verilator.org"
| #define PACKAGE_VERSION_NUMBER_STRING "5.008"
| #define HAVE_STDIO_H 1
| #define HAVE_STDLIB_H 1
| #define HAVE_STRING_H 1
| #define HAVE_INTTYPES_H 1
| #define HAVE_STDINT_H 1
| #define HAVE_STRINGS_H 1
| #define HAVE_SYS_STAT_H 1
| #define HAVE_SYS_TYPES_H 1
| #define HAVE_UNISTD_H 1
| #define STDC_HEADERS 1
| #define HAVE_COROUTINES 1
| #define HAVE_STAT_NSEC 1
| /* end confdefs.h.  */
| #include <systemc.h>
|                      extern "C" int sc_main(int argc, char* argv[]) {}
| 
| int
| main (void)
| {
| sc_version()
|   ;
|   return 0;
| }
configure:9625: result: no
configure:9744: creating ./config.status

## ---------------------- ##
## Running config.status. ##
## ---------------------- ##

This file was extended by Verilator config.status 5.008 2023-03-04, which was
generated by GNU Autoconf 2.72.  Invocation command line was

  CONFIG_FILES    = 
  CONFIG_HEADERS  = 
  CONFIG_LINKS    = 
  CONFIG_COMMANDS = 
  $ ./config.status 

on ysyxbby-VMware-Virtual-Platform

config.status:841: creating Makefile
config.status:841: creating src/Makefile
config.status:841: creating src/Makefile_obj
config.status:841: creating include/verilated.mk
config.status:841: creating include/verilated_config.h
config.status:841: creating verilator.pc
config.status:841: creating verilator-config.cmake
config.status:841: creating verilator-config-version.cmake
config.status:841: creating src/config_build.h
configure:10915: result: 
configure:10917: result: Now type 'make' (or sometimes 'gmake') to build Verilator.
configure:10919: result: 

## ---------------- ##
## Cache variables. ##
## ---------------- ##

ac_cv_c_compiler_gnu=yes
ac_cv_c_inline=inline
ac_cv_cxx_compiler_gnu=yes
ac_cv_env_CCC_set=
ac_cv_env_CCC_value=
ac_cv_env_CC_set=
ac_cv_env_CC_value=
ac_cv_env_CFLAGS_set=
ac_cv_env_CFLAGS_value=
ac_cv_env_CPPFLAGS_set=
ac_cv_env_CPPFLAGS_value=
ac_cv_env_CXXFLAGS_set=
ac_cv_env_CXXFLAGS_value=
ac_cv_env_CXX_set=
ac_cv_env_CXX_value=
ac_cv_env_LDFLAGS_set=
ac_cv_env_LDFLAGS_value=
ac_cv_env_LIBS_set=
ac_cv_env_LIBS_value=
ac_cv_env_build_alias_set=
ac_cv_env_build_alias_value=
ac_cv_env_host_alias_set=
ac_cv_env_host_alias_value=
ac_cv_env_target_alias_set=
ac_cv_env_target_alias_value=
ac_cv_header_inttypes_h=yes
ac_cv_header_stdint_h=yes
ac_cv_header_stdio_h=yes
ac_cv_header_stdlib_h=yes
ac_cv_header_string_h=yes
ac_cv_header_strings_h=yes
ac_cv_header_sys_stat_h=yes
ac_cv_header_sys_types_h=yes
ac_cv_header_unistd_h=yes
ac_cv_member_struct_stat_st_mtim_tv_nsec=yes
ac_cv_objext=o
ac_cv_path_LEX=/usr/bin/flex
ac_cv_path_PERL=/usr/bin/perl
ac_cv_path_PYTHON3=/usr/bin/python3
ac_cv_path_YACC=/usr/bin/bison
ac_cv_path_install='/usr/bin/install -c'
ac_cv_prog_AR=ar
ac_cv_prog_OBJCACHE=ccache
ac_cv_prog_ac_ct_CC=gcc
ac_cv_prog_ac_ct_CXX=g++
ac_cv_prog_cc_c11=
ac_cv_prog_cc_g=yes
ac_cv_prog_cc_stdc=
ac_cv_prog_cxx_cxx11=
ac_cv_prog_cxx_g=yes
ac_cv_prog_cxx_stdcxx=
ac_cv_type_size_t=yes

## ----------------- ##
## Output variables. ##
## ----------------- ##

AR='ar'
CC='gcc'
CFG_CXXFLAGS_COROUTINES='-fcoroutines'
CFG_CXXFLAGS_DEBUG=' -Og -ggdb -gz'
CFG_CXXFLAGS_NO_UNUSED=' -faligned-new -fcf-protection=none -Wno-bool-operation -Wno-sign-compare -Wno-uninitialized -Wno-unused-but-set-variable -Wno-unused-parameter -Wno-unused-variable -Wno-shadow'
CFG_CXXFLAGS_PARSER=' -Wno-char-subscripts -Wno-unused'
CFG_CXXFLAGS_PROFILE=' -pg'
CFG_CXXFLAGS_SRC=' -faligned-new -Wno-unused-parameter -Wno-shadow -fno-builtin-malloc -fno-builtin-calloc -fno-builtin-realloc -fno-builtin-free'
CFG_CXXFLAGS_STD=''
CFG_CXXFLAGS_STD_NEWEST='-std=gnu++17'
CFG_CXXFLAGS_WEXTRA=' -Wextra -Wfloat-conversion -Wlogical-op'
CFG_CXX_FLAGS_CMAKE='-faligned-new -fbracket-depth=4096 -fcf-protection=none -mno-cet -Qunused-arguments -Wno-bool-operation -Wno-tautological-bitwise-compare -Wno-parentheses-equality -Wno-sign-compare -Wno-uninitialized -Wno-unused-but-set-variable -Wno-unused-parameter -Wno-unused-variable -Wno-shadow'
CFG_LDFLAGS_DEBUG=' -gz'
CFG_LDFLAGS_SRC=' -static-libgcc -static-libstdc++ -Xlinker -gc-sections'
CFG_LDFLAGS_THREADS_CMAKE=' -mt -pthread -lpthread -latomic'
CFG_LDLIBS_THREADS=' -pthread -lpthread -latomic'
CFG_LIBS='-l:libtcmalloc_minimal.a   -lpthread'
CFG_WITH_CCWARN='no'
CFG_WITH_DEFENV='yes'
CFG_WITH_LONGTESTS='no'
CFLAGS=' '
CPPFLAGS=' '
CXX='g++'
CXXFLAGS=' '
DEFS='-DHAVE_CONFIG_H'
ECHO_C=''
ECHO_N='-n'
ECHO_T=''
EXEEXT=''
HAVE_COROUTINES=''
HAVE_SYSTEMC=''
INSTALL_DATA='${INSTALL} -m 644'
INSTALL_PROGRAM='${INSTALL}'
INSTALL_SCRIPT='${INSTALL}'
LDFLAGS=' '
LEX='/usr/bin/flex'
LIBOBJS=''
LIBS=''
LTLIBOBJS=''
OBJCACHE='ccache'
OBJEXT='o'
PACKAGE_BUGREPORT='https://verilator.org'
PACKAGE_NAME='Verilator'
PACKAGE_STRING='Verilator 5.008 2023-03-04'
PACKAGE_TARNAME='verilator'
PACKAGE_URL='https://verilator.org'
PACKAGE_VERSION='5.008 2023-03-04'
PACKAGE_VERSION_NUMBER='5.008'
PATH_SEPARATOR=':'
PERL='/usr/bin/perl'
PYTHON3='/usr/bin/python3'
SHELL='/bin/bash'
VERILATOR_VERSION_INTEGER='5008000'
YACC='/usr/bin/bison'
ac_ct_CC='gcc'
ac_ct_CXX='g++'
bindir='${exec_prefix}/bin'
build_alias=''
datadir='${datarootdir}'
datarootdir='${prefix}/share'
docdir='${datarootdir}/doc/${PACKAGE_TARNAME}'
dvidir='${docdir}'
exec_prefix='${prefix}'
host_alias=''
htmldir='${docdir}'
includedir='${prefix}/include'
infodir='${datarootdir}/info'
libdir='${exec_prefix}/lib'
libexecdir='${exec_prefix}/libexec'
localedir='${datarootdir}/locale'
localstatedir='${prefix}/var'
mandir='${datarootdir}/man'
oldincludedir='/usr/include'
pdfdir='${docdir}'
pkgconfigdir='${datarootdir}/pkgconfig'
pkgdatadir='${datarootdir}/verilator'
prefix='/usr/local'
program_transform_name='s,x,x,'
psdir='${docdir}'
runstatedir='${localstatedir}/run'
sbindir='${exec_prefix}/sbin'
sharedstatedir='${prefix}/com'
sysconfdir='${prefix}/etc'
target_alias=''

## ----------- ##
## confdefs.h. ##
## ----------- ##

/* confdefs.h */
#define PACKAGE_NAME "Verilator"
#define PACKAGE_TARNAME "verilator"
#define PACKAGE_VERSION "5.008 2023-03-04"
#define PACKAGE_STRING "Verilator 5.008 2023-03-04"
#define PACKAGE_BUGREPORT "https://verilator.org"
#define PACKAGE_URL "https://verilator.org"
#define PACKAGE_VERSION_NUMBER_STRING "5.008"
#define HAVE_STDIO_H 1
#define HAVE_STDLIB_H 1
#define HAVE_STRING_H 1
#define HAVE_INTTYPES_H 1
#define HAVE_STDINT_H 1
#define HAVE_STRINGS_H 1
#define HAVE_SYS_STAT_H 1
#define HAVE_SYS_TYPES_H 1
#define HAVE_UNISTD_H 1
#define STDC_HEADERS 1
#define HAVE_COROUTINES 1
#define HAVE_STAT_NSEC 1

configure: exit 0
